// Jest Snapshot v1, https://goo.gl/fbAQLP

exports[`Class: Warhorse Instantiation should be able to parse a filepath 1`] = `
Object {
  "config": false,
  "extension": ".js",
  "name": "index.js",
  "original": "./test/data/client_src/index.js",
  "path": "./test/data/client_src/",
  "stem": "index",
}
`;

exports[`Class: Warhorse Tasks should be able to bundle JS code 1`] = `
"(function e(t,n,r){function s(o,u){if(!n[o]){if(!t[o]){var a=typeof require==\\"function\\"&&require;if(!u&&a)return a(o,!0);if(i)return i(o,!0);var f=new Error(\\"Cannot find module '\\"+o+\\"'\\");throw f.code=\\"MODULE_NOT_FOUND\\",f}var l=n[o]={exports:{}};t[o][0].call(l.exports,function(e){var n=t[o][1][e];return s(n?n:e)},l,l.exports,e,t,n,r)}return n[o].exports}var i=typeof require==\\"function\\"&&require;for(var o=0;o<r.length;o++)s(r[o]);return s})({1:[function(require,module,exports){
// Component
class Polygon {
    constructor(height, width) { //class constructor
        this.name = \\"Polygon\\";
        this.height = height;
        this.width = width;
    }

    sayName() {
        console.log(\\"Name:\\", this.name);
    }
}

// Exports
module.exports = Polygon;


},{}],2:[function(require,module,exports){
const Polygon = require(\\"./Polygon\\");

class Square extends Polygon {
    constructor(length=10) { // ES6 features Default Parameters
        super(length, length); //call the parent method with super
        this.name = \\"Square\\";
    }

    get area() { //calculated attribute getter
        return this.height * this.width;
    }
}

// Exports
module.exports = Square;

},{\\"./Polygon\\":1}],3:[function(require,module,exports){
// Imports
const Square = require(\\"./Square\\");

let sq = new Square(30);

console.log(sq.area);

},{\\"./Square\\":2}]},{},[3]);
"
`;

exports[`Class: Warhorse Tasks should be able to minify CSS code 1`] = `"html{color:#222;font-size:1em;line-height:1.4}::-moz-selection{background:#b3d4fc;text-shadow:none}::selection{background:#b3d4fc;text-shadow:none}fieldset,hr{border:0;padding:0}hr{display:block;height:1px;border-top:1px solid #ccc;margin:1em 0}audio,canvas,iframe,img,svg,video{vertical-align:middle}fieldset{margin:0}textarea{resize:vertical}.browserupgrade{margin:.2em 0;background:#ccc;color:#000;padding:.2em 0}.hidden{display:none!important;visibility:hidden}.visuallyhidden{border:0;clip:rect(0 0 0 0);height:1px;margin:-1px;overflow:hidden;padding:0;position:absolute;width:1px}.visuallyhidden.focusable:active,.visuallyhidden.focusable:focus{clip:auto;height:auto;margin:0;overflow:visible;position:static;width:auto}.invisible{visibility:hidden}.clearfix:after,.clearfix:before{content:\\" \\";display:table}.clearfix:after{clear:both}@media print{*,:after,:before{background:0 0!important;color:#000!important;box-shadow:none!important;text-shadow:none!important}a,a:visited{text-decoration:underline}a[href]:after{content:\\" (\\" attr(href) \\")\\"}abbr[title]:after{content:\\" (\\" attr(title) \\")\\"}a[href^=\\"#\\"]:after,a[href^=\\"javascript:\\"]:after{content:\\"\\"}blockquote,pre{border:1px solid #999}thead{display:table-header-group}blockquote,img,pre,tr{page-break-inside:avoid}img{max-width:100%!important}h2,h3,p{orphans:3;widows:3}h2,h3{page-break-after:avoid}}"`;

exports[`Class: Warhorse Tasks should be able to minify JS code 1`] = `"const Square=require(\\"./Square\\");let sq=new Square(30);console.log(sq.area);"`;
